Component: ARM Compiler 5.06 update 6 (build 750) Tool: armlink [4d35ed]

==============================================================================

Section Cross References

    main.o(i.CopyRAMToFlash) refers to main.o(.data) for iap_entry
    main.o(i.CopyRAMToFlash) refers to system_lpc177x_8x.o(.data) for SystemCoreClock
    main.o(i.TIMER1_IRQHandler) refers to lpc177x_8x_timer.o(i.TIM_ClearIntPending) for TIM_ClearIntPending
    main.o(i.WriteToFlash) refers to rt_memcpy_v6.o(.text) for __aeabi_memcpy
    main.o(i.WriteToFlash) refers to aeabi_memset.o(.text) for __aeabi_memset
    main.o(i.WriteToFlash) refers to main.o(i.CopyRAMToFlash) for CopyRAMToFlash
    main.o(i.erase_sector) refers to main.o(.data) for iap_entry
    main.o(i.erase_sector) refers to system_lpc177x_8x.o(.data) for SystemCoreClock
    main.o(i.main) refers to main.o(i.jump_to_application) for jump_to_application
    main.o(i.main) refers to lpc177x_8x_timer.o(i.TIM_Init) for TIM_Init
    main.o(i.main) refers to lpc177x_8x_timer.o(i.TIM_ConfigMatch) for TIM_ConfigMatch
    main.o(i.main) refers to lpc177x_8x_timer.o(i.TIM_Cmd) for TIM_Cmd
    main.o(i.main) refers to main.o(i.erase_sector) for erase_sector
    main.o(i.main) refers to main.o(.data) for erase
    lpc177x_8x_uart.o(i.UART_ABClearIntPending) refers to lpc177x_8x_uart.o(i.uart_get_pointer) for uart_get_pointer
    lpc177x_8x_uart.o(i.UART_ABCmd) refers to lpc177x_8x_uart.o(i.uart_get_pointer) for uart_get_pointer
    lpc177x_8x_uart.o(i.UART_DeInit) refers to lpc177x_8x_uart.o(i.UART_TxCmd) for UART_TxCmd
    lpc177x_8x_uart.o(i.UART_DeInit) refers to lpc177x_8x_clkpwr.o(i.CLKPWR_ConfigPPWR) for CLKPWR_ConfigPPWR
    lpc177x_8x_uart.o(i.UART_Init) refers to lpc177x_8x_uart.o(i.uart_get_pointer) for uart_get_pointer
    lpc177x_8x_uart.o(i.UART_Init) refers to lpc177x_8x_clkpwr.o(i.CLKPWR_ConfigPPWR) for CLKPWR_ConfigPPWR
    lpc177x_8x_uart.o(i.UART_Init) refers to lpc177x_8x_uart.o(i.uart_set_divisors) for uart_set_divisors
    lpc177x_8x_uart.o(i.UART_RS485Config) refers to lpc177x_8x_uart.o(i.uart_get_pointer) for uart_get_pointer
    lpc177x_8x_uart.o(i.UART_RS485ReceiverCmd) refers to lpc177x_8x_uart.o(i.uart_get_pointer) for uart_get_pointer
    lpc177x_8x_uart.o(i.UART_RS485Send) refers to lpc177x_8x_uart.o(i.uart_get_pointer) for uart_get_pointer
    lpc177x_8x_uart.o(i.UART_RS485Send) refers to lpc177x_8x_uart.o(i.UART_Send) for UART_Send
    lpc177x_8x_uart.o(i.UART_RS485SendData) refers to lpc177x_8x_uart.o(i.UART_RS485Send) for UART_RS485Send
    lpc177x_8x_uart.o(i.UART_RS485SendSlvAddr) refers to lpc177x_8x_uart.o(i.UART_RS485Send) for UART_RS485Send
    lpc177x_8x_uart.o(i.UART_Receive) refers to lpc177x_8x_uart.o(i.UART_ReceiveByte) for UART_ReceiveByte
    lpc177x_8x_uart.o(i.UART_Send) refers to lpc177x_8x_uart.o(i.UART_SendByte) for UART_SendByte
    lpc177x_8x_uart.o(i.UART_TxCmd) refers to lpc177x_8x_uart.o(i.uart_get_pointer) for uart_get_pointer
    lpc177x_8x_uart.o(i.uart_set_divisors) refers to lpc177x_8x_clkpwr.o(i.CLKPWR_GetCLK) for CLKPWR_GetCLK
    lpc177x_8x_uart.o(i.uart_set_divisors) refers to lludivv7m.o(.text) for __aeabi_uldivmod
    lpc177x_8x_uart.o(i.uart_set_divisors) refers to lpc177x_8x_uart.o(i.uart_get_pointer) for uart_get_pointer
    lpc177x_8x_timer.o(i.TIM_DeInit) refers to lpc177x_8x_clkpwr.o(i.CLKPWR_ConfigPPWR) for CLKPWR_ConfigPPWR
    lpc177x_8x_timer.o(i.TIM_Init) refers to lpc177x_8x_clkpwr.o(i.CLKPWR_ConfigPPWR) for CLKPWR_ConfigPPWR
    lpc177x_8x_timer.o(i.TIM_Init) refers to lpc177x_8x_timer.o(i.converPtrToTimeNum) for converPtrToTimeNum
    lpc177x_8x_timer.o(i.TIM_Init) refers to lpc177x_8x_timer.o(i.converUSecToVal) for converUSecToVal
    lpc177x_8x_timer.o(i.TIM_Waitms) refers to lpc177x_8x_timer.o(i.TIM_Waitus) for TIM_Waitus
    lpc177x_8x_timer.o(i.TIM_Waitus) refers to lpc177x_8x_timer.o(i.TIM_ConfigMatch) for TIM_ConfigMatch
    lpc177x_8x_timer.o(i.TIM_Waitus) refers to lpc177x_8x_timer.o(i.TIM_Cmd) for TIM_Cmd
    lpc177x_8x_timer.o(i.TIM_Waitus) refers to lpc177x_8x_timer.o(i.TIM_ResetCounter) for TIM_ResetCounter
    lpc177x_8x_timer.o(i.converUSecToVal) refers to lpc177x_8x_timer.o(i.getPClock) for getPClock
    lpc177x_8x_timer.o(i.converUSecToVal) refers to lludivv7m.o(.text) for __aeabi_uldivmod
    lpc177x_8x_timer.o(i.getPClock) refers to lpc177x_8x_clkpwr.o(i.CLKPWR_GetCLK) for CLKPWR_GetCLK
    debug_frmwrk.o(i.UARTGetChar) refers to lpc177x_8x_uart.o(i.UART_Receive) for UART_Receive
    debug_frmwrk.o(i.UARTGetCharInNonBlock) refers to lpc177x_8x_uart.o(i.UART_Receive) for UART_Receive
    debug_frmwrk.o(i.UARTGetValue) refers to lpc177x_8x_uart.o(i.UART_Receive) for UART_Receive
    debug_frmwrk.o(i.UARTGetValue) refers to debug_frmwrk.o(i.UARTPuts) for UARTPuts
    debug_frmwrk.o(i.UARTGetValue) refers to debug_frmwrk.o(i.UARTPutChar) for UARTPutChar
    debug_frmwrk.o(i.UARTGetValue) refers to debug_frmwrk.o(.conststring) for .conststring
    debug_frmwrk.o(i.UARTPutChar) refers to lpc177x_8x_uart.o(i.UART_Send) for UART_Send
    debug_frmwrk.o(i.UARTPutDec) refers to debug_frmwrk.o(i.UARTPutChar) for UARTPutChar
    debug_frmwrk.o(i.UARTPutDec16) refers to debug_frmwrk.o(i.UARTPutChar) for UARTPutChar
    debug_frmwrk.o(i.UARTPutDec32) refers to debug_frmwrk.o(i.UARTPutChar) for UARTPutChar
    debug_frmwrk.o(i.UARTPutHex) refers to debug_frmwrk.o(i.UARTPuts) for UARTPuts
    debug_frmwrk.o(i.UARTPutHex) refers to debug_frmwrk.o(i.UARTPutChar) for UARTPutChar
    debug_frmwrk.o(i.UARTPutHex16) refers to debug_frmwrk.o(i.UARTPuts) for UARTPuts
    debug_frmwrk.o(i.UARTPutHex16) refers to debug_frmwrk.o(i.UARTPutChar) for UARTPutChar
    debug_frmwrk.o(i.UARTPutHex16_) refers to debug_frmwrk.o(i.UARTPutChar) for UARTPutChar
    debug_frmwrk.o(i.UARTPutHex32) refers to debug_frmwrk.o(i.UARTPuts) for UARTPuts
    debug_frmwrk.o(i.UARTPutHex32) refers to debug_frmwrk.o(i.UARTPutChar) for UARTPutChar
    debug_frmwrk.o(i.UARTPutHex32_) refers to debug_frmwrk.o(i.UARTPutChar) for UARTPutChar
    debug_frmwrk.o(i.UARTPutHex_) refers to debug_frmwrk.o(i.UARTPutChar) for UARTPutChar
    debug_frmwrk.o(i.UARTPuts) refers to debug_frmwrk.o(i.UARTPutChar) for UARTPutChar
    debug_frmwrk.o(i.UARTPuts_) refers to debug_frmwrk.o(i.UARTPuts) for UARTPuts
    debug_frmwrk.o(i.debug_frmwrk_init) refers to lpc177x_8x_pinsel.o(i.PINSEL_ConfigPin) for PINSEL_ConfigPin
    debug_frmwrk.o(i.debug_frmwrk_init) refers to lpc177x_8x_uart.o(i.UART_ConfigStructInit) for UART_ConfigStructInit
    debug_frmwrk.o(i.debug_frmwrk_init) refers to lpc177x_8x_uart.o(i.UART_Init) for UART_Init
    debug_frmwrk.o(i.debug_frmwrk_init) refers to lpc177x_8x_uart.o(i.UART_TxCmd) for UART_TxCmd
    debug_frmwrk.o(i.debug_frmwrk_init) refers to debug_frmwrk.o(i.UARTPuts) for UARTPuts
    debug_frmwrk.o(i.debug_frmwrk_init) refers to debug_frmwrk.o(.data) for _db_msg
    debug_frmwrk.o(i.debug_frmwrk_init) refers to debug_frmwrk.o(i.UARTPuts_) for UARTPuts_
    debug_frmwrk.o(i.debug_frmwrk_init) refers to debug_frmwrk.o(i.UARTPutChar) for UARTPutChar
    debug_frmwrk.o(i.debug_frmwrk_init) refers to debug_frmwrk.o(i.UARTPutHex) for UARTPutHex
    debug_frmwrk.o(i.debug_frmwrk_init) refers to debug_frmwrk.o(i.UARTPutHex16) for UARTPutHex16
    debug_frmwrk.o(i.debug_frmwrk_init) refers to debug_frmwrk.o(i.UARTPutHex32) for UARTPutHex32
    debug_frmwrk.o(i.debug_frmwrk_init) refers to debug_frmwrk.o(i.UARTPutHex_) for UARTPutHex_
    debug_frmwrk.o(i.debug_frmwrk_init) refers to debug_frmwrk.o(i.UARTPutHex16_) for UARTPutHex16_
    debug_frmwrk.o(i.debug_frmwrk_init) refers to debug_frmwrk.o(i.UARTPutHex32_) for UARTPutHex32_
    debug_frmwrk.o(i.debug_frmwrk_init) refers to debug_frmwrk.o(i.UARTPutDec) for UARTPutDec
    debug_frmwrk.o(i.debug_frmwrk_init) refers to debug_frmwrk.o(i.UARTPutDec16) for UARTPutDec16
    debug_frmwrk.o(i.debug_frmwrk_init) refers to debug_frmwrk.o(i.UARTPutDec32) for UARTPutDec32
    debug_frmwrk.o(i.debug_frmwrk_init) refers to debug_frmwrk.o(i.UARTGetChar) for UARTGetChar
    debug_frmwrk.o(i.debug_frmwrk_init) refers to debug_frmwrk.o(i.UARTGetValue) for UARTGetValue
    debug_frmwrk.o(i.debug_frmwrk_init) refers to debug_frmwrk.o(i.UARTGetCharInNonBlock) for UARTGetCharInNonBlock
    lpc177x_8x_clkpwr.o(i.CLKPWR_GetCLK) refers to system_lpc177x_8x.o(.data) for SystemCoreClock
    lpc177x_8x_clkpwr.o(i.CLKPWR_SetCLKDiv) refers to system_lpc177x_8x.o(i.SystemCoreClockUpdate) for SystemCoreClockUpdate
    lpc177x_8x_pinsel.o(i.PINSEL_ConfigPin) refers to lpc177x_8x_pinsel.o(i.PINSEL_GetPinType) for PINSEL_GetPinType
    lpc177x_8x_pinsel.o(i.PINSEL_ConfigPin) refers to lpc177x_8x_pinsel.o(i.PIN_GetPointer) for PIN_GetPointer
    lpc177x_8x_pinsel.o(i.PINSEL_DacEnable) refers to lpc177x_8x_pinsel.o(i.PINSEL_GetPinType) for PINSEL_GetPinType
    lpc177x_8x_pinsel.o(i.PINSEL_DacEnable) refers to lpc177x_8x_pinsel.o(i.PIN_GetPointer) for PIN_GetPointer
    lpc177x_8x_pinsel.o(i.PINSEL_SetAnalogPinMode) refers to lpc177x_8x_pinsel.o(i.PINSEL_GetPinType) for PINSEL_GetPinType
    lpc177x_8x_pinsel.o(i.PINSEL_SetAnalogPinMode) refers to lpc177x_8x_pinsel.o(i.PIN_GetPointer) for PIN_GetPointer
    lpc177x_8x_pinsel.o(i.PINSEL_SetFilter) refers to lpc177x_8x_pinsel.o(i.PINSEL_GetPinType) for PINSEL_GetPinType
    lpc177x_8x_pinsel.o(i.PINSEL_SetFilter) refers to lpc177x_8x_pinsel.o(i.PIN_GetPointer) for PIN_GetPointer
    lpc177x_8x_pinsel.o(i.PINSEL_SetHysMode) refers to lpc177x_8x_pinsel.o(i.PINSEL_GetPinType) for PINSEL_GetPinType
    lpc177x_8x_pinsel.o(i.PINSEL_SetHysMode) refers to lpc177x_8x_pinsel.o(i.PIN_GetPointer) for PIN_GetPointer
    lpc177x_8x_pinsel.o(i.PINSEL_SetI2CFilter) refers to lpc177x_8x_pinsel.o(i.PINSEL_GetPinType) for PINSEL_GetPinType
    lpc177x_8x_pinsel.o(i.PINSEL_SetI2CFilter) refers to lpc177x_8x_pinsel.o(i.PIN_GetPointer) for PIN_GetPointer
    lpc177x_8x_pinsel.o(i.PINSEL_SetI2CMode) refers to lpc177x_8x_pinsel.o(i.PINSEL_GetPinType) for PINSEL_GetPinType
    lpc177x_8x_pinsel.o(i.PINSEL_SetI2CMode) refers to lpc177x_8x_pinsel.o(i.PIN_GetPointer) for PIN_GetPointer
    lpc177x_8x_pinsel.o(i.PINSEL_SetI2CMode) refers to lpc177x_8x_pinsel.o(i.PINSEL_SetI2CFilter) for PINSEL_SetI2CFilter
    lpc177x_8x_pinsel.o(i.PINSEL_SetInvertInput) refers to lpc177x_8x_pinsel.o(i.PINSEL_GetPinType) for PINSEL_GetPinType
    lpc177x_8x_pinsel.o(i.PINSEL_SetInvertInput) refers to lpc177x_8x_pinsel.o(i.PIN_GetPointer) for PIN_GetPointer
    lpc177x_8x_pinsel.o(i.PINSEL_SetOpenDrainMode) refers to lpc177x_8x_pinsel.o(i.PINSEL_GetPinType) for PINSEL_GetPinType
    lpc177x_8x_pinsel.o(i.PINSEL_SetOpenDrainMode) refers to lpc177x_8x_pinsel.o(i.PIN_GetPointer) for PIN_GetPointer
    lpc177x_8x_pinsel.o(i.PINSEL_SetPinMode) refers to lpc177x_8x_pinsel.o(i.PINSEL_GetPinType) for PINSEL_GetPinType
    lpc177x_8x_pinsel.o(i.PINSEL_SetPinMode) refers to lpc177x_8x_pinsel.o(i.PIN_GetPointer) for PIN_GetPointer
    lpc177x_8x_pinsel.o(i.PINSEL_SetSlewMode) refers to lpc177x_8x_pinsel.o(i.PINSEL_GetPinType) for PINSEL_GetPinType
    lpc177x_8x_pinsel.o(i.PINSEL_SetSlewMode) refers to lpc177x_8x_pinsel.o(i.PIN_GetPointer) for PIN_GetPointer
    gpdma_lpc17xx.o(i.Clear_Channel_active_flag) refers to gpdma_lpc17xx.o(.data) for Channel_active
    gpdma_lpc17xx.o(i.DMA_IRQHandler) refers to gpdma_lpc17xx.o(i.Clear_Channel_active_flag) for Clear_Channel_active_flag
    gpdma_lpc17xx.o(i.DMA_IRQHandler) refers to gpdma_lpc17xx.o(.bss) for Channel_info
    gpdma_lpc17xx.o(i.GPDMA_ChannelConfigure) refers to gpdma_lpc17xx.o(i.Set_Channel_active_flag) for Set_Channel_active_flag
    gpdma_lpc17xx.o(i.GPDMA_ChannelConfigure) refers to gpdma_lpc17xx.o(i.Clear_Channel_active_flag) for Clear_Channel_active_flag
    gpdma_lpc17xx.o(i.GPDMA_ChannelConfigure) refers to gpdma_lpc17xx.o(.bss) for Channel_info
    gpdma_lpc17xx.o(i.GPDMA_ChannelDisable) refers to gpdma_lpc17xx.o(i.Clear_Channel_active_flag) for Clear_Channel_active_flag
    gpdma_lpc17xx.o(i.GPDMA_ChannelEnable) refers to gpdma_lpc17xx.o(i.Set_Channel_active_flag) for Set_Channel_active_flag
    gpdma_lpc17xx.o(i.GPDMA_ChannelGetCount) refers to gpdma_lpc17xx.o(.bss) for Channel_info
    gpdma_lpc17xx.o(i.GPDMA_ChannelGetStatus) refers to gpdma_lpc17xx.o(.data) for Channel_active
    gpdma_lpc17xx.o(i.GPDMA_Initialize) refers to gpdma_lpc17xx.o(i.__NVIC_ClearPendingIRQ) for __NVIC_ClearPendingIRQ
    gpdma_lpc17xx.o(i.GPDMA_Initialize) refers to gpdma_lpc17xx.o(.data) for Init_cnt
    gpdma_lpc17xx.o(i.GPDMA_Initialize) refers to gpdma_lpc17xx.o(.bss) for Channel_info
    gpdma_lpc17xx.o(i.GPDMA_Uninitialize) refers to gpdma_lpc17xx.o(i.__NVIC_ClearPendingIRQ) for __NVIC_ClearPendingIRQ
    gpdma_lpc17xx.o(i.GPDMA_Uninitialize) refers to gpdma_lpc17xx.o(.data) for Init_cnt
    gpdma_lpc17xx.o(i.Set_Channel_active_flag) refers to gpdma_lpc17xx.o(.data) for Channel_active
    startup_lpc177x_8x.o(STACK) refers (Special) to heapauxi.o(.text) for __use_two_region_memory
    startup_lpc177x_8x.o(HEAP) refers (Special) to heapauxi.o(.text) for __use_two_region_memory
    startup_lpc177x_8x.o(RESET) refers (Special) to heapauxi.o(.text) for __use_two_region_memory
    startup_lpc177x_8x.o(RESET) refers to startup_lpc177x_8x.o(STACK) for __initial_sp
    startup_lpc177x_8x.o(RESET) refers to startup_lpc177x_8x.o(.text) for Reset_Handler
    startup_lpc177x_8x.o(RESET) refers to main.o(i.TIMER1_IRQHandler) for TIMER1_IRQHandler
    startup_lpc177x_8x.o(RESET) refers to gpdma_lpc17xx.o(i.DMA_IRQHandler) for DMA_IRQHandler
    startup_lpc177x_8x.o(.ARM.__at_0x02FC) refers (Special) to heapauxi.o(.text) for __use_two_region_memory
    startup_lpc177x_8x.o(.text) refers (Special) to heapauxi.o(.text) for __use_two_region_memory
    startup_lpc177x_8x.o(.text) refers to system_lpc177x_8x.o(i.SystemInit) for SystemInit
    startup_lpc177x_8x.o(.text) refers to __main.o(!!!main) for __main
    startup_lpc177x_8x.o(.text) refers to startup_lpc177x_8x.o(HEAP) for Heap_Mem
    startup_lpc177x_8x.o(.text) refers to startup_lpc177x_8x.o(STACK) for Stack_Mem
    system_lpc177x_8x.o(i.SystemCoreClockUpdate) refers to system_lpc177x_8x.o(.data) for SystemCoreClock
    system_lpc177x_8x.o(i.SystemInit) refers to system_lpc177x_8x.o(i.SystemCoreClockUpdate) for SystemCoreClockUpdate
    rt_memcpy_v6.o(.text) refers to rt_memcpy_w.o(.text) for __aeabi_memcpy4
    aeabi_memset.o(.text) refers to rt_memclr.o(.text) for _memset
    __main.o(!!!main) refers to __rtentry.o(.ARM.Collect$$rtentry$$00000000) for __rt_entry
    __rtentry.o(.ARM.Collect$$rtentry$$00000000) refers (Special) to __rtentry2.o(.ARM.Collect$$rtentry$$0000000A) for __rt_entry_li
    __rtentry.o(.ARM.Collect$$rtentry$$00000000) refers (Special) to __rtentry2.o(.ARM.Collect$$rtentry$$0000000D) for __rt_entry_main
    __rtentry.o(.ARM.Collect$$rtentry$$00000000) refers (Special) to __rtentry2.o(.ARM.Collect$$rtentry$$0000000C) for __rt_entry_postli_1
    __rtentry.o(.ARM.Collect$$rtentry$$00000000) refers (Special) to __rtentry2.o(.ARM.Collect$$rtentry$$00000009) for __rt_entry_postsh_1
    __rtentry.o(.ARM.Collect$$rtentry$$00000000) refers (Special) to __rtentry2.o(.ARM.Collect$$rtentry$$00000002) for __rt_entry_presh_1
    __rtentry.o(.ARM.Collect$$rtentry$$00000000) refers (Special) to __rtentry4.o(.ARM.Collect$$rtentry$$00000004) for __rt_entry_sh
    aeabi_ldiv0_sigfpe.o(.text) refers to rt_div0.o(.text) for __rt_div0
    rt_memclr.o(.text) refers to rt_memclr_w.o(.text) for _memset_w
    __rtentry2.o(.ARM.Collect$$rtentry$$00000008) refers to boardinit2.o(.text) for _platform_post_stackheap_init
    __rtentry2.o(.ARM.Collect$$rtentry$$0000000A) refers to libinit.o(.ARM.Collect$$libinit$$00000000) for __rt_lib_init
    __rtentry2.o(.ARM.Collect$$rtentry$$0000000B) refers to boardinit3.o(.text) for _platform_post_lib_init
    __rtentry2.o(.ARM.Collect$$rtentry$$0000000D) refers to main.o(i.main) for main
    __rtentry2.o(.ARM.Collect$$rtentry$$0000000D) refers to exit.o(.text) for exit
    __rtentry2.o(.ARM.exidx) refers to __rtentry2.o(.ARM.Collect$$rtentry$$00000001) for .ARM.Collect$$rtentry$$00000001
    __rtentry2.o(.ARM.exidx) refers to __rtentry2.o(.ARM.Collect$$rtentry$$00000008) for .ARM.Collect$$rtentry$$00000008
    __rtentry2.o(.ARM.exidx) refers to __rtentry2.o(.ARM.Collect$$rtentry$$0000000A) for .ARM.Collect$$rtentry$$0000000A
    __rtentry2.o(.ARM.exidx) refers to __rtentry2.o(.ARM.Collect$$rtentry$$0000000B) for .ARM.Collect$$rtentry$$0000000B
    __rtentry2.o(.ARM.exidx) refers to __rtentry2.o(.ARM.Collect$$rtentry$$0000000D) for .ARM.Collect$$rtentry$$0000000D
    __rtentry4.o(.ARM.Collect$$rtentry$$00000004) refers to sys_stackheap_outer.o(.text) for __user_setup_stackheap
    __rtentry4.o(.ARM.exidx) refers to __rtentry4.o(.ARM.Collect$$rtentry$$00000004) for .ARM.Collect$$rtentry$$00000004
    rt_div0.o(.text) refers to defsig_fpe_outer.o(.text) for __rt_SIGFPE
    sys_stackheap_outer.o(.text) refers to libspace.o(.text) for __user_perproc_libspace
    sys_stackheap_outer.o(.text) refers to startup_lpc177x_8x.o(.text) for __user_initial_stackheap
    exit.o(.text) refers to rtexit.o(.ARM.Collect$$rtexit$$00000000) for __rt_exit
    defsig_fpe_outer.o(.text) refers to defsig_fpe_inner.o(.text) for __rt_SIGFPE_inner
    defsig_fpe_outer.o(.text) refers to defsig_exit.o(.text) for __sig_exit
    defsig_fpe_formal.o(.text) refers to rt_raise.o(.text) for __rt_raise
    libinit.o(.ARM.Collect$$libinit$$00000000) refers (Special) to libinit2.o(.ARM.Collect$$libinit$$0000002E) for __rt_lib_init_alloca_1
    libinit.o(.ARM.Collect$$libinit$$00000000) refers (Special) to libinit2.o(.ARM.Collect$$libinit$$0000002C) for __rt_lib_init_argv_1
    libinit.o(.ARM.Collect$$libinit$$00000000) refers (Special) to libinit2.o(.ARM.Collect$$libinit$$0000001B) for __rt_lib_init_atexit_1
    libinit.o(.ARM.Collect$$libinit$$00000000) refers (Special) to libinit2.o(.ARM.Collect$$libinit$$00000021) for __rt_lib_init_clock_1
    libinit.o(.ARM.Collect$$libinit$$00000000) refers (Special) to libinit2.o(.ARM.Collect$$libinit$$00000032) for __rt_lib_init_cpp_1
    libinit.o(.ARM.Collect$$libinit$$00000000) refers (Special) to libinit2.o(.ARM.Collect$$libinit$$00000030) for __rt_lib_init_exceptions_1
    libinit.o(.ARM.Collect$$libinit$$00000000) refers (Special) to libinit2.o(.ARM.Collect$$libinit$$00000002) for __rt_lib_init_fp_1
    libinit.o(.ARM.Collect$$libinit$$00000000) refers (Special) to libinit2.o(.ARM.Collect$$libinit$$0000001F) for __rt_lib_init_fp_trap_1
    libinit.o(.ARM.Collect$$libinit$$00000000) refers (Special) to libinit2.o(.ARM.Collect$$libinit$$00000023) for __rt_lib_init_getenv_1
    libinit.o(.ARM.Collect$$libinit$$00000000) refers (Special) to libinit2.o(.ARM.Collect$$libinit$$0000000A) for __rt_lib_init_heap_1
    libinit.o(.ARM.Collect$$libinit$$00000000) refers (Special) to libinit2.o(.ARM.Collect$$libinit$$00000011) for __rt_lib_init_lc_collate_1
    libinit.o(.ARM.Collect$$libinit$$00000000) refers (Special) to libinit2.o(.ARM.Collect$$libinit$$00000013) for __rt_lib_init_lc_ctype_1
    libinit.o(.ARM.Collect$$libinit$$00000000) refers (Special) to libinit2.o(.ARM.Collect$$libinit$$00000015) for __rt_lib_init_lc_monetary_1
    libinit.o(.ARM.Collect$$libinit$$00000000) refers (Special) to libinit2.o(.ARM.Collect$$libinit$$00000017) for __rt_lib_init_lc_numeric_1
    libinit.o(.ARM.Collect$$libinit$$00000000) refers (Special) to libinit2.o(.ARM.Collect$$libinit$$00000019) for __rt_lib_init_lc_time_1
    libinit.o(.ARM.Collect$$libinit$$00000000) refers (Special) to libinit2.o(.ARM.Collect$$libinit$$00000004) for __rt_lib_init_preinit_1
    libinit.o(.ARM.Collect$$libinit$$00000000) refers (Special) to libinit2.o(.ARM.Collect$$libinit$$0000000E) for __rt_lib_init_rand_1
    libinit.o(.ARM.Collect$$libinit$$00000000) refers (Special) to libinit2.o(.ARM.Collect$$libinit$$00000033) for __rt_lib_init_return
    libinit.o(.ARM.Collect$$libinit$$00000000) refers (Special) to libinit2.o(.ARM.Collect$$libinit$$0000001D) for __rt_lib_init_signal_1
    libinit.o(.ARM.Collect$$libinit$$00000000) refers (Special) to libinit2.o(.ARM.Collect$$libinit$$00000025) for __rt_lib_init_stdio_1
    libinit.o(.ARM.Collect$$libinit$$00000000) refers (Special) to libinit2.o(.ARM.Collect$$libinit$$0000000C) for __rt_lib_init_user_alloc_1
    libspace.o(.text) refers to libspace.o(.bss) for __libspace_start
    rtexit.o(.ARM.Collect$$rtexit$$00000000) refers (Special) to rtexit2.o(.ARM.Collect$$rtexit$$00000004) for __rt_exit_exit
    rtexit.o(.ARM.Collect$$rtexit$$00000000) refers (Special) to rtexit2.o(.ARM.Collect$$rtexit$$00000003) for __rt_exit_ls
    rtexit.o(.ARM.Collect$$rtexit$$00000000) refers (Special) to rtexit2.o(.ARM.Collect$$rtexit$$00000002) for __rt_exit_prels_1
    rtexit.o(.ARM.exidx) refers (Special) to rtexit2.o(.ARM.Collect$$rtexit$$00000004) for __rt_exit_exit
    rtexit.o(.ARM.exidx) refers (Special) to rtexit2.o(.ARM.Collect$$rtexit$$00000003) for __rt_exit_ls
    rtexit.o(.ARM.exidx) refers (Special) to rtexit2.o(.ARM.Collect$$rtexit$$00000002) for __rt_exit_prels_1
    rtexit.o(.ARM.exidx) refers to rtexit.o(.ARM.Collect$$rtexit$$00000000) for .ARM.Collect$$rtexit$$00000000
    rt_raise.o(.text) refers to __raise.o(.text) for __raise
    rt_raise.o(.text) refers to sys_exit.o(.text) for _sys_exit
    defsig_exit.o(.text) refers to sys_exit.o(.text) for _sys_exit
    defsig_fpe_inner.o(.text) refers to defsig_general.o(.text) for __default_signal_display
    libinit2.o(.ARM.Collect$$libinit$$00000010) refers to libinit2.o(.ARM.Collect$$libinit$$0000000F) for .ARM.Collect$$libinit$$0000000F
    libinit2.o(.ARM.Collect$$libinit$$00000012) refers to libinit2.o(.ARM.Collect$$libinit$$0000000F) for .ARM.Collect$$libinit$$0000000F
    libinit2.o(.ARM.Collect$$libinit$$00000014) refers to libinit2.o(.ARM.Collect$$libinit$$0000000F) for .ARM.Collect$$libinit$$0000000F
    libinit2.o(.ARM.Collect$$libinit$$00000016) refers to libinit2.o(.ARM.Collect$$libinit$$0000000F) for .ARM.Collect$$libinit$$0000000F
    libinit2.o(.ARM.Collect$$libinit$$00000018) refers to libinit2.o(.ARM.Collect$$libinit$$0000000F) for .ARM.Collect$$libinit$$0000000F
    libinit2.o(.ARM.Collect$$libinit$$00000026) refers to argv_veneer.o(.emb_text) for __ARM_argv_veneer
    libinit2.o(.ARM.Collect$$libinit$$00000027) refers to argv_veneer.o(.emb_text) for __ARM_argv_veneer
    sys_exit.o(.text) refers (Special) to use_no_semi.o(.text) for __I$use$semihosting
    sys_exit.o(.text) refers (Special) to indicate_semi.o(.text) for __semihosting_library_function
    rtexit2.o(.ARM.Collect$$rtexit$$00000003) refers to libshutdown.o(.ARM.Collect$$libshutdown$$00000000) for __rt_lib_shutdown
    rtexit2.o(.ARM.Collect$$rtexit$$00000004) refers to sys_exit.o(.text) for _sys_exit
    rtexit2.o(.ARM.exidx) refers to rtexit2.o(.ARM.Collect$$rtexit$$00000001) for .ARM.Collect$$rtexit$$00000001
    rtexit2.o(.ARM.exidx) refers to rtexit2.o(.ARM.Collect$$rtexit$$00000003) for .ARM.Collect$$rtexit$$00000003
    rtexit2.o(.ARM.exidx) refers to rtexit2.o(.ARM.Collect$$rtexit$$00000004) for .ARM.Collect$$rtexit$$00000004
    __raise.o(.text) refers to defsig.o(CL$$defsig) for __default_signal_handler
    defsig_general.o(.text) refers to sys_wrch.o(.text) for _ttywrch
    argv_veneer.o(.emb_text) refers to no_argv.o(.text) for __ARM_get_argv
    sys_wrch.o(.text) refers (Special) to use_no_semi.o(.text) for __I$use$semihosting
    sys_wrch.o(.text) refers (Special) to indicate_semi.o(.text) for __semihosting_library_function
    defsig.o(CL$$defsig) refers to defsig_fpe_inner.o(.text) for __rt_SIGFPE_inner
    defsig.o(CL$$defsig) refers to defsig_rtmem_inner.o(.text) for __rt_SIGRTMEM_inner
    _get_argv_nomalloc.o(.text) refers (Special) to hrguard.o(.text) for __heap_region$guard
    _get_argv_nomalloc.o(.text) refers to defsig_rtmem_outer.o(.text) for __rt_SIGRTMEM
    _get_argv_nomalloc.o(.text) refers to sys_command.o(.text) for _sys_command_string
    libshutdown.o(.ARM.Collect$$libshutdown$$00000000) refers (Special) to libshutdown2.o(.ARM.Collect$$libshutdown$$00000002) for __rt_lib_shutdown_cpp_1
    libshutdown.o(.ARM.Collect$$libshutdown$$00000000) refers (Special) to libshutdown2.o(.ARM.Collect$$libshutdown$$00000007) for __rt_lib_shutdown_fp_trap_1
    libshutdown.o(.ARM.Collect$$libshutdown$$00000000) refers (Special) to libshutdown2.o(.ARM.Collect$$libshutdown$$0000000F) for __rt_lib_shutdown_heap_1
    libshutdown.o(.ARM.Collect$$libshutdown$$00000000) refers (Special) to libshutdown2.o(.ARM.Collect$$libshutdown$$00000010) for __rt_lib_shutdown_return
    libshutdown.o(.ARM.Collect$$libshutdown$$00000000) refers (Special) to libshutdown2.o(.ARM.Collect$$libshutdown$$0000000A) for __rt_lib_shutdown_signal_1
    libshutdown.o(.ARM.Collect$$libshutdown$$00000000) refers (Special) to libshutdown2.o(.ARM.Collect$$libshutdown$$00000004) for __rt_lib_shutdown_stdio_1
    libshutdown.o(.ARM.Collect$$libshutdown$$00000000) refers (Special) to libshutdown2.o(.ARM.Collect$$libshutdown$$0000000C) for __rt_lib_shutdown_user_alloc_1
    sys_command.o(.text) refers (Special) to use_no_semi.o(.text) for __I$use$semihosting
    sys_command.o(.text) refers (Special) to indicate_semi.o(.text) for __semihosting_library_function
    defsig_abrt_inner.o(.text) refers to defsig_general.o(.text) for __default_signal_display
    defsig_rtred_inner.o(.text) refers to defsig_general.o(.text) for __default_signal_display
    defsig_rtmem_inner.o(.text) refers to defsig_general.o(.text) for __default_signal_display
    defsig_rtmem_outer.o(.text) refers to defsig_rtmem_inner.o(.text) for __rt_SIGRTMEM_inner
    defsig_rtmem_outer.o(.text) refers to defsig_exit.o(.text) for __sig_exit
    defsig_rtmem_formal.o(.text) refers to rt_raise.o(.text) for __rt_raise
    defsig_stak_inner.o(.text) refers to defsig_general.o(.text) for __default_signal_display
    defsig_pvfn_inner.o(.text) refers to defsig_general.o(.text) for __default_signal_display
    defsig_cppl_inner.o(.text) refers to defsig_general.o(.text) for __default_signal_display
    defsig_segv_inner.o(.text) refers to defsig_general.o(.text) for __default_signal_display
    defsig_other.o(.text) refers to defsig_general.o(.text) for __default_signal_display


==============================================================================

Removing Unused input sections from the image.

    Removing main.o(.rev16_text), (4 bytes).
    Removing main.o(.revsh_text), (4 bytes).
    Removing main.o(.rrx_text), (6 bytes).
    Removing main.o(i.CopyRAMToFlash), (80 bytes).
    Removing main.o(i.WriteToFlash), (96 bytes).
    Removing lpc177x_8x_uart.o(.rev16_text), (4 bytes).
    Removing lpc177x_8x_uart.o(.revsh_text), (4 bytes).
    Removing lpc177x_8x_uart.o(.rrx_text), (6 bytes).
    Removing lpc177x_8x_uart.o(i.UART_ABClearIntPending), (64 bytes).
    Removing lpc177x_8x_uart.o(i.UART_ABCmd), (220 bytes).
    Removing lpc177x_8x_uart.o(i.UART_CheckBusy), (104 bytes).
    Removing lpc177x_8x_uart.o(i.UART_ConfigStructInit), (18 bytes).
    Removing lpc177x_8x_uart.o(i.UART_DeInit), (82 bytes).
    Removing lpc177x_8x_uart.o(i.UART_FIFOConfig), (172 bytes).
    Removing lpc177x_8x_uart.o(i.UART_FIFOConfigStructInit), (14 bytes).
    Removing lpc177x_8x_uart.o(i.UART_ForceBreak), (108 bytes).
    Removing lpc177x_8x_uart.o(i.UART_FullModemConfigMode), (76 bytes).
    Removing lpc177x_8x_uart.o(i.UART_FullModemForcePinState), (68 bytes).
    Removing lpc177x_8x_uart.o(i.UART_FullModemGetStatus), (20 bytes).
    Removing lpc177x_8x_uart.o(i.UART_GetIntId), (100 bytes).
    Removing lpc177x_8x_uart.o(i.UART_GetLineStatus), (72 bytes).
    Removing lpc177x_8x_uart.o(i.UART_Init), (548 bytes).
    Removing lpc177x_8x_uart.o(i.UART_IntConfig), (164 bytes).
    Removing lpc177x_8x_uart.o(i.UART_IrDACmd), (44 bytes).
    Removing lpc177x_8x_uart.o(i.UART_IrDAInvtInputCmd), (48 bytes).
    Removing lpc177x_8x_uart.o(i.UART_IrDAPulseDivConfig), (44 bytes).
    Removing lpc177x_8x_uart.o(i.UART_RS485Config), (184 bytes).
    Removing lpc177x_8x_uart.o(i.UART_RS485ReceiverCmd), (72 bytes).
    Removing lpc177x_8x_uart.o(i.UART_RS485Send), (148 bytes).
    Removing lpc177x_8x_uart.o(i.UART_RS485SendData), (22 bytes).
    Removing lpc177x_8x_uart.o(i.UART_RS485SendSlvAddr), (18 bytes).
    Removing lpc177x_8x_uart.o(i.UART_Receive), (188 bytes).
    Removing lpc177x_8x_uart.o(i.UART_ReceiveByte), (72 bytes).
    Removing lpc177x_8x_uart.o(i.UART_Send), (232 bytes).
    Removing lpc177x_8x_uart.o(i.UART_SendByte), (72 bytes).
    Removing lpc177x_8x_uart.o(i.UART_TxCmd), (140 bytes).
    Removing lpc177x_8x_uart.o(i.uart_get_pointer), (48 bytes).
    Removing lpc177x_8x_uart.o(i.uart_set_divisors), (488 bytes).
    Removing lpc177x_8x_timer.o(.rev16_text), (4 bytes).
    Removing lpc177x_8x_timer.o(.revsh_text), (4 bytes).
    Removing lpc177x_8x_timer.o(.rrx_text), (6 bytes).
    Removing lpc177x_8x_timer.o(i.TIM_ClearIntCapturePending), (10 bytes).
    Removing lpc177x_8x_timer.o(i.TIM_ConfigCapture), (84 bytes).
    Removing lpc177x_8x_timer.o(i.TIM_ConfigStructInit), (22 bytes).
    Removing lpc177x_8x_timer.o(i.TIM_DeInit), (88 bytes).
    Removing lpc177x_8x_timer.o(i.TIM_GetCaptureValue), (12 bytes).
    Removing lpc177x_8x_timer.o(i.TIM_GetIntCaptureStatus), (26 bytes).
    Removing lpc177x_8x_timer.o(i.TIM_GetIntStatus), (24 bytes).
    Removing lpc177x_8x_timer.o(i.TIM_ResetCounter), (18 bytes).
    Removing lpc177x_8x_timer.o(i.TIM_UpdateMatchValue), (40 bytes).
    Removing lpc177x_8x_timer.o(i.TIM_Waitms), (18 bytes).
    Removing lpc177x_8x_timer.o(i.TIM_Waitus), (88 bytes).
    Removing debug_frmwrk.o(.rev16_text), (4 bytes).
    Removing debug_frmwrk.o(.revsh_text), (4 bytes).
    Removing debug_frmwrk.o(.rrx_text), (6 bytes).
    Removing debug_frmwrk.o(i.UARTGetChar), (26 bytes).
    Removing debug_frmwrk.o(i.UARTGetCharInNonBlock), (34 bytes).
    Removing debug_frmwrk.o(i.UARTGetValue), (444 bytes).
    Removing debug_frmwrk.o(i.UARTPutChar), (18 bytes).
    Removing debug_frmwrk.o(i.UARTPutDec), (96 bytes).
    Removing debug_frmwrk.o(i.UARTPutDec16), (160 bytes).
    Removing debug_frmwrk.o(i.UARTPutDec32), (300 bytes).
    Removing debug_frmwrk.o(i.UARTPutHex), (72 bytes).
    Removing debug_frmwrk.o(i.UARTPutHex16), (72 bytes).
    Removing debug_frmwrk.o(i.UARTPutHex16_), (58 bytes).
    Removing debug_frmwrk.o(i.UARTPutHex32), (72 bytes).
    Removing debug_frmwrk.o(i.UARTPutHex32_), (58 bytes).
    Removing debug_frmwrk.o(i.UARTPutHex_), (58 bytes).
    Removing debug_frmwrk.o(i.UARTPuts), (28 bytes).
    Removing debug_frmwrk.o(i.UARTPuts_), (28 bytes).
    Removing debug_frmwrk.o(i.debug_frmwrk_init), (256 bytes).
    Removing debug_frmwrk.o(.conststring), (89 bytes).
    Removing debug_frmwrk.o(.data), (60 bytes).
    Removing lpc177x_8x_clkpwr.o(.rev16_text), (4 bytes).
    Removing lpc177x_8x_clkpwr.o(.revsh_text), (4 bytes).
    Removing lpc177x_8x_clkpwr.o(.rrx_text), (6 bytes).
    Removing lpc177x_8x_clkpwr.o(i.CLKPWR_DeepPowerDown), (24 bytes).
    Removing lpc177x_8x_clkpwr.o(i.CLKPWR_DeepSleep), (24 bytes).
    Removing lpc177x_8x_clkpwr.o(i.CLKPWR_PowerDown), (24 bytes).
    Removing lpc177x_8x_clkpwr.o(i.CLKPWR_SetCLKDiv), (160 bytes).
    Removing lpc177x_8x_clkpwr.o(i.CLKPWR_Sleep), (16 bytes).
    Removing lpc177x_8x_clkpwr.o(.data), (4 bytes).
    Removing lpc177x_8x_pinsel.o(.rev16_text), (4 bytes).
    Removing lpc177x_8x_pinsel.o(.revsh_text), (4 bytes).
    Removing lpc177x_8x_pinsel.o(.rrx_text), (6 bytes).
    Removing lpc177x_8x_pinsel.o(i.PINSEL_ConfigPin), (72 bytes).
    Removing lpc177x_8x_pinsel.o(i.PINSEL_DacEnable), (84 bytes).
    Removing lpc177x_8x_pinsel.o(i.PINSEL_GetPinType), (164 bytes).
    Removing lpc177x_8x_pinsel.o(i.PINSEL_SetAnalogPinMode), (80 bytes).
    Removing lpc177x_8x_pinsel.o(i.PINSEL_SetFilter), (84 bytes).
    Removing lpc177x_8x_pinsel.o(i.PINSEL_SetHysMode), (84 bytes).
    Removing lpc177x_8x_pinsel.o(i.PINSEL_SetI2CFilter), (80 bytes).
    Removing lpc177x_8x_pinsel.o(i.PINSEL_SetI2CMode), (140 bytes).
    Removing lpc177x_8x_pinsel.o(i.PINSEL_SetInvertInput), (80 bytes).
    Removing lpc177x_8x_pinsel.o(i.PINSEL_SetOpenDrainMode), (88 bytes).
    Removing lpc177x_8x_pinsel.o(i.PINSEL_SetPinMode), (88 bytes).
    Removing lpc177x_8x_pinsel.o(i.PINSEL_SetSlewMode), (84 bytes).
    Removing lpc177x_8x_pinsel.o(i.PIN_GetPointer), (24 bytes).
    Removing gpdma_lpc17xx.o(.rev16_text), (4 bytes).
    Removing gpdma_lpc17xx.o(.revsh_text), (4 bytes).
    Removing gpdma_lpc17xx.o(.rrx_text), (6 bytes).
    Removing gpdma_lpc17xx.o(i.GPDMA_ChannelConfigure), (244 bytes).
    Removing gpdma_lpc17xx.o(i.GPDMA_ChannelDisable), (48 bytes).
    Removing gpdma_lpc17xx.o(i.GPDMA_ChannelEnable), (60 bytes).
    Removing gpdma_lpc17xx.o(i.GPDMA_ChannelGetCount), (48 bytes).
    Removing gpdma_lpc17xx.o(i.GPDMA_ChannelGetStatus), (36 bytes).
    Removing gpdma_lpc17xx.o(i.GPDMA_Initialize), (176 bytes).
    Removing gpdma_lpc17xx.o(i.GPDMA_PeripheralSelect), (52 bytes).
    Removing gpdma_lpc17xx.o(i.GPDMA_Uninitialize), (104 bytes).
    Removing gpdma_lpc17xx.o(i.Set_Channel_active_flag), (56 bytes).
    Removing gpdma_lpc17xx.o(i.__NVIC_ClearPendingIRQ), (28 bytes).
    Removing pin_lpc177x_8x.o(.rev16_text), (4 bytes).
    Removing pin_lpc177x_8x.o(.revsh_text), (4 bytes).
    Removing pin_lpc177x_8x.o(.rrx_text), (6 bytes).
    Removing pin_lpc177x_8x.o(i.PIN_Configure), (36 bytes).
    Removing pin_lpc177x_8x.o(i.PIN_ConfigureI2C0Pins), (224 bytes).
    Removing system_lpc177x_8x.o(.rev16_text), (4 bytes).
    Removing system_lpc177x_8x.o(.revsh_text), (4 bytes).
    Removing system_lpc177x_8x.o(.rrx_text), (6 bytes).

119 unused section(s) (total 8827 bytes) removed from the image.

==============================================================================

Image Symbol Table

    Local Symbols

    Symbol Name                              Value     Ov Type        Size  Object(Section)

    RESET                                    0x00000000   Section      228  startup_lpc177x_8x.o(RESET)
    ../clib/angel/boardlib.s                 0x00000000   Number         0  boardinit1.o ABSOLUTE
    ../clib/angel/boardlib.s                 0x00000000   Number         0  boardshut.o ABSOLUTE
    ../clib/angel/boardlib.s                 0x00000000   Number         0  boardinit3.o ABSOLUTE
    ../clib/angel/boardlib.s                 0x00000000   Number         0  boardinit2.o ABSOLUTE
    ../clib/angel/handlers.s                 0x00000000   Number         0  __scatter_zi.o ABSOLUTE
    ../clib/angel/handlers.s                 0x00000000   Number         0  __scatter_copy.o ABSOLUTE
    ../clib/angel/kernel.s                   0x00000000   Number         0  rtexit.o ABSOLUTE
    ../clib/angel/kernel.s                   0x00000000   Number         0  rtexit2.o ABSOLUTE
    ../clib/angel/kernel.s                   0x00000000   Number         0  __rtentry.o ABSOLUTE
    ../clib/angel/kernel.s                   0x00000000   Number         0  __rtentry2.o ABSOLUTE
    ../clib/angel/kernel.s                   0x00000000   Number         0  __rtentry4.o ABSOLUTE
    ../clib/angel/rt.s                       0x00000000   Number         0  rt_div0.o ABSOLUTE
    ../clib/angel/rt.s                       0x00000000   Number         0  aeabi_ldiv0.o ABSOLUTE
    ../clib/angel/rt.s                       0x00000000   Number         0  aeabi_ldiv0_sigfpe.o ABSOLUTE
    ../clib/angel/rt.s                       0x00000000   Number         0  rt_raise.o ABSOLUTE
    ../clib/angel/scatter.s                  0x00000000   Number         0  __scatter.o ABSOLUTE
    ../clib/angel/startup.s                  0x00000000   Number         0  __main.o ABSOLUTE
    ../clib/angel/sys.s                      0x00000000   Number         0  sys_stackheap_outer.o ABSOLUTE
    ../clib/angel/sys.s                      0x00000000   Number         0  use_no_semi.o ABSOLUTE
    ../clib/angel/sys.s                      0x00000000   Number         0  indicate_semi.o ABSOLUTE
    ../clib/angel/sys.s                      0x00000000   Number         0  libspace.o ABSOLUTE
    ../clib/angel/sysapp.c                   0x00000000   Number         0  sys_command.o ABSOLUTE
    ../clib/angel/sysapp.c                   0x00000000   Number         0  sys_exit.o ABSOLUTE
    ../clib/angel/sysapp.c                   0x00000000   Number         0  sys_wrch.o ABSOLUTE
    ../clib/armsys.c                         0x00000000   Number         0  argv_veneer.o ABSOLUTE
    ../clib/armsys.c                         0x00000000   Number         0  _get_argv_nomalloc.o ABSOLUTE
    ../clib/armsys.c                         0x00000000   Number         0  no_argv.o ABSOLUTE
    ../clib/armsys.c                         0x00000000   Number         0  argv_veneer.o ABSOLUTE
    ../clib/heapalloc.c                      0x00000000   Number         0  hrguard.o ABSOLUTE
    ../clib/heapaux.c                        0x00000000   Number         0  heapauxi.o ABSOLUTE
    ../clib/libinit.s                        0x00000000   Number         0  libshutdown.o ABSOLUTE
    ../clib/libinit.s                        0x00000000   Number         0  libinit.o ABSOLUTE
    ../clib/libinit.s                        0x00000000   Number         0  libshutdown2.o ABSOLUTE
    ../clib/libinit.s                        0x00000000   Number         0  libinit2.o ABSOLUTE
    ../clib/longlong.s                       0x00000000   Number         0  lludivv7m.o ABSOLUTE
    ../clib/memcpset.s                       0x00000000   Number         0  aeabi_memset.o ABSOLUTE
    ../clib/memcpset.s                       0x00000000   Number         0  rt_memclr.o ABSOLUTE
    ../clib/memcpset.s                       0x00000000   Number         0  rt_memcpy_v6.o ABSOLUTE
    ../clib/memcpset.s                       0x00000000   Number         0  rt_memcpy_w.o ABSOLUTE
    ../clib/memcpset.s                       0x00000000   Number         0  rt_memclr_w.o ABSOLUTE
    ../clib/signal.c                         0x00000000   Number         0  defsig_general.o ABSOLUTE
    ../clib/signal.c                         0x00000000   Number         0  defsig_fpe_outer.o ABSOLUTE
    ../clib/signal.c                         0x00000000   Number         0  defsig_rtred_inner.o ABSOLUTE
    ../clib/signal.c                         0x00000000   Number         0  defsig_exit.o ABSOLUTE
    ../clib/signal.c                         0x00000000   Number         0  defsig_abrt_inner.o ABSOLUTE
    ../clib/signal.c                         0x00000000   Number         0  defsig_rtmem_outer.o ABSOLUTE
    ../clib/signal.c                         0x00000000   Number         0  defsig_fpe_formal.o ABSOLUTE
    ../clib/signal.c                         0x00000000   Number         0  defsig_other.o ABSOLUTE
    ../clib/signal.c                         0x00000000   Number         0  defsig_segv_inner.o ABSOLUTE
    ../clib/signal.c                         0x00000000   Number         0  defsig_cppl_inner.o ABSOLUTE
    ../clib/signal.c                         0x00000000   Number         0  defsig_pvfn_inner.o ABSOLUTE
    ../clib/signal.c                         0x00000000   Number         0  defsig_stak_inner.o ABSOLUTE
    ../clib/signal.c                         0x00000000   Number         0  defsig_rtmem_formal.o ABSOLUTE
    ../clib/signal.c                         0x00000000   Number         0  defsig_rtmem_inner.o ABSOLUTE
    ../clib/signal.c                         0x00000000   Number         0  __raise.o ABSOLUTE
    ../clib/signal.c                         0x00000000   Number         0  defsig_fpe_inner.o ABSOLUTE
    ../clib/signal.s                         0x00000000   Number         0  defsig.o ABSOLUTE
    ../clib/stdlib.c                         0x00000000   Number         0  exit.o ABSOLUTE
    ../fplib/fpinit.s                        0x00000000   Number         0  fpinit.o ABSOLUTE
    C:\Users\RayanRoshd\AppData\Local\Arm\Packs\Keil\LPC1700_DFP\2.7.2\RTE_Driver\GPDMA_LPC17xx.c 0x00000000   Number         0  gpdma_lpc17xx.o ABSOLUTE
    C:\Users\RayanRoshd\AppData\Local\Arm\Packs\Keil\LPC1700_DFP\2.7.2\RTE_Driver\PIN_LPC177x_8x.c 0x00000000   Number         0  pin_lpc177x_8x.o ABSOLUTE
    C:\\Users\\RayanRoshd\\AppData\\Local\\Arm\\Packs\\Keil\\LPC1700_DFP\\2.7.2\\RTE_Driver\\GPDMA_LPC17xx.c 0x00000000   Number         0  gpdma_lpc17xx.o ABSOLUTE
    C:\\Users\\RayanRoshd\\AppData\\Local\\Arm\\Packs\\Keil\\LPC1700_DFP\\2.7.2\\RTE_Driver\\PIN_LPC177x_8x.c 0x00000000   Number         0  pin_lpc177x_8x.o ABSOLUTE
    LIB\\debug_frmwrk.c                      0x00000000   Number         0  debug_frmwrk.o ABSOLUTE
    LIB\\lpc177x_8x_clkpwr.c                 0x00000000   Number         0  lpc177x_8x_clkpwr.o ABSOLUTE
    LIB\\lpc177x_8x_pinsel.c                 0x00000000   Number         0  lpc177x_8x_pinsel.o ABSOLUTE
    LIB\\lpc177x_8x_timer.c                  0x00000000   Number         0  lpc177x_8x_timer.o ABSOLUTE
    LIB\\lpc177x_8x_uart.c                   0x00000000   Number         0  lpc177x_8x_uart.o ABSOLUTE
    LIB\debug_frmwrk.c                       0x00000000   Number         0  debug_frmwrk.o ABSOLUTE
    LIB\lpc177x_8x_clkpwr.c                  0x00000000   Number         0  lpc177x_8x_clkpwr.o ABSOLUTE
    LIB\lpc177x_8x_pinsel.c                  0x00000000   Number         0  lpc177x_8x_pinsel.o ABSOLUTE
    LIB\lpc177x_8x_timer.c                   0x00000000   Number         0  lpc177x_8x_timer.o ABSOLUTE
    LIB\lpc177x_8x_uart.c                    0x00000000   Number         0  lpc177x_8x_uart.o ABSOLUTE
    RTE\Device\LPC1788\startup_LPC177x_8x.s  0x00000000   Number         0  startup_lpc177x_8x.o ABSOLUTE
    RTE\Device\LPC1788\system_LPC177x_8x.c   0x00000000   Number         0  system_lpc177x_8x.o ABSOLUTE
    RTE\\Device\\LPC1788\\system_LPC177x_8x.c 0x00000000   Number         0  system_lpc177x_8x.o ABSOLUTE
    dc.s                                     0x00000000   Number         0  dc.o ABSOLUTE
    main.c                                   0x00000000   Number         0  main.o ABSOLUTE
    main.c                                   0x00000000   Number         0  main.o ABSOLUTE
    !!!main                                  0x000000e4   Section        8  __main.o(!!!main)
    !!!scatter                               0x000000ec   Section       52  __scatter.o(!!!scatter)
    !!handler_copy                           0x00000120   Section       26  __scatter_copy.o(!!handler_copy)
    !!handler_zi                             0x0000013c   Section       28  __scatter_zi.o(!!handler_zi)
    .ARM.Collect$$libinit$$00000000          0x00000158   Section        2  libinit.o(.ARM.Collect$$libinit$$00000000)
    .ARM.Collect$$libinit$$00000002          0x0000015a   Section        0  libinit2.o(.ARM.Collect$$libinit$$00000002)
    .ARM.Collect$$libinit$$00000004          0x0000015a   Section        0  libinit2.o(.ARM.Collect$$libinit$$00000004)
    .ARM.Collect$$libinit$$0000000A          0x0000015a   Section        0  libinit2.o(.ARM.Collect$$libinit$$0000000A)
    .ARM.Collect$$libinit$$0000000C          0x0000015a   Section        0  libinit2.o(.ARM.Collect$$libinit$$0000000C)
    .ARM.Collect$$libinit$$0000000E          0x0000015a   Section        0  libinit2.o(.ARM.Collect$$libinit$$0000000E)
    .ARM.Collect$$libinit$$00000011          0x0000015a   Section        0  libinit2.o(.ARM.Collect$$libinit$$00000011)
    .ARM.Collect$$libinit$$00000013          0x0000015a   Section        0  libinit2.o(.ARM.Collect$$libinit$$00000013)
    .ARM.Collect$$libinit$$00000015          0x0000015a   Section        0  libinit2.o(.ARM.Collect$$libinit$$00000015)
    .ARM.Collect$$libinit$$00000017          0x0000015a   Section        0  libinit2.o(.ARM.Collect$$libinit$$00000017)
    .ARM.Collect$$libinit$$00000019          0x0000015a   Section        0  libinit2.o(.ARM.Collect$$libinit$$00000019)
    .ARM.Collect$$libinit$$0000001B          0x0000015a   Section        0  libinit2.o(.ARM.Collect$$libinit$$0000001B)
    .ARM.Collect$$libinit$$0000001D          0x0000015a   Section        0  libinit2.o(.ARM.Collect$$libinit$$0000001D)
    .ARM.Collect$$libinit$$0000001F          0x0000015a   Section        0  libinit2.o(.ARM.Collect$$libinit$$0000001F)
    .ARM.Collect$$libinit$$00000021          0x0000015a   Section        0  libinit2.o(.ARM.Collect$$libinit$$00000021)
    .ARM.Collect$$libinit$$00000023          0x0000015a   Section        0  libinit2.o(.ARM.Collect$$libinit$$00000023)
    .ARM.Collect$$libinit$$00000025          0x0000015a   Section        0  libinit2.o(.ARM.Collect$$libinit$$00000025)
    .ARM.Collect$$libinit$$0000002C          0x0000015a   Section        0  libinit2.o(.ARM.Collect$$libinit$$0000002C)
    .ARM.Collect$$libinit$$0000002E          0x0000015a   Section        0  libinit2.o(.ARM.Collect$$libinit$$0000002E)
    .ARM.Collect$$libinit$$00000030          0x0000015a   Section        0  libinit2.o(.ARM.Collect$$libinit$$00000030)
    .ARM.Collect$$libinit$$00000032          0x0000015a   Section        0  libinit2.o(.ARM.Collect$$libinit$$00000032)
    .ARM.Collect$$libinit$$00000033          0x0000015a   Section        2  libinit2.o(.ARM.Collect$$libinit$$00000033)
    .ARM.Collect$$libshutdown$$00000000      0x0000015c   Section        2  libshutdown.o(.ARM.Collect$$libshutdown$$00000000)
    .ARM.Collect$$libshutdown$$00000002      0x0000015e   Section        0  libshutdown2.o(.ARM.Collect$$libshutdown$$00000002)
    .ARM.Collect$$libshutdown$$00000004      0x0000015e   Section        0  libshutdown2.o(.ARM.Collect$$libshutdown$$00000004)
    .ARM.Collect$$libshutdown$$00000007      0x0000015e   Section        0  libshutdown2.o(.ARM.Collect$$libshutdown$$00000007)
    .ARM.Collect$$libshutdown$$0000000A      0x0000015e   Section        0  libshutdown2.o(.ARM.Collect$$libshutdown$$0000000A)
    .ARM.Collect$$libshutdown$$0000000C      0x0000015e   Section        0  libshutdown2.o(.ARM.Collect$$libshutdown$$0000000C)
    .ARM.Collect$$libshutdown$$0000000F      0x0000015e   Section        0  libshutdown2.o(.ARM.Collect$$libshutdown$$0000000F)
    .ARM.Collect$$libshutdown$$00000010      0x0000015e   Section        2  libshutdown2.o(.ARM.Collect$$libshutdown$$00000010)
    .ARM.Collect$$rtentry$$00000000          0x00000160   Section        0  __rtentry.o(.ARM.Collect$$rtentry$$00000000)
    .ARM.Collect$$rtentry$$00000002          0x00000160   Section        0  __rtentry2.o(.ARM.Collect$$rtentry$$00000002)
    .ARM.Collect$$rtentry$$00000004          0x00000160   Section        6  __rtentry4.o(.ARM.Collect$$rtentry$$00000004)
    .ARM.Collect$$rtentry$$00000009          0x00000166   Section        0  __rtentry2.o(.ARM.Collect$$rtentry$$00000009)
    .ARM.Collect$$rtentry$$0000000A          0x00000166   Section        4  __rtentry2.o(.ARM.Collect$$rtentry$$0000000A)
    .ARM.Collect$$rtentry$$0000000C          0x0000016a   Section        0  __rtentry2.o(.ARM.Collect$$rtentry$$0000000C)
    .ARM.Collect$$rtentry$$0000000D          0x0000016a   Section        8  __rtentry2.o(.ARM.Collect$$rtentry$$0000000D)
    .ARM.Collect$$rtexit$$00000000           0x00000172   Section        2  rtexit.o(.ARM.Collect$$rtexit$$00000000)
    .ARM.Collect$$rtexit$$00000002           0x00000174   Section        0  rtexit2.o(.ARM.Collect$$rtexit$$00000002)
    .ARM.Collect$$rtexit$$00000003           0x00000174   Section        4  rtexit2.o(.ARM.Collect$$rtexit$$00000003)
    .ARM.Collect$$rtexit$$00000004           0x00000178   Section        6  rtexit2.o(.ARM.Collect$$rtexit$$00000004)
    .text                                    0x00000180   Section       64  startup_lpc177x_8x.o(.text)
    .text                                    0x000001c0   Section      238  lludivv7m.o(.text)
    .text                                    0x000002ae   Section        0  heapauxi.o(.text)
    .text                                    0x000002b4   Section        0  exit.o(.text)
    .text                                    0x000002c8   Section        8  libspace.o(.text)
    .text                                    0x000002d0   Section        0  sys_exit.o(.text)
    .text                                    0x000002dc   Section        2  use_no_semi.o(.text)
    .text                                    0x000002de   Section        0  indicate_semi.o(.text)
    i.TIMER1_IRQHandler                      0x000002e0   Section        0  main.o(i.TIMER1_IRQHandler)
    i.TIM_ClearIntPending                    0x000002f0   Section        0  lpc177x_8x_timer.o(i.TIM_ClearIntPending)
    .ARM.__at_0x02FC                         0x000002fc   Section        4  startup_lpc177x_8x.o(.ARM.__at_0x02FC)
    .text                                    0x00000300   Section       74  sys_stackheap_outer.o(.text)
    i.CLKPWR_ConfigPPWR                      0x0000034c   Section        0  lpc177x_8x_clkpwr.o(i.CLKPWR_ConfigPPWR)
    i.CLKPWR_GetCLK                          0x00000378   Section        0  lpc177x_8x_clkpwr.o(i.CLKPWR_GetCLK)
    i.Clear_Channel_active_flag              0x000003b8   Section        0  gpdma_lpc17xx.o(i.Clear_Channel_active_flag)
    Clear_Channel_active_flag                0x000003b9   Thumb Code    28  gpdma_lpc17xx.o(i.Clear_Channel_active_flag)
    i.DMA_IRQHandler                         0x000003d8   Section        0  gpdma_lpc17xx.o(i.DMA_IRQHandler)
    i.SystemCoreClockUpdate                  0x00000558   Section        0  system_lpc177x_8x.o(i.SystemCoreClockUpdate)
    i.SystemInit                             0x00000890   Section        0  system_lpc177x_8x.o(i.SystemInit)
    i.TIM_Cmd                                0x00000944   Section        0  lpc177x_8x_timer.o(i.TIM_Cmd)
    i.TIM_ConfigMatch                        0x0000095c   Section        0  lpc177x_8x_timer.o(i.TIM_ConfigMatch)
    i.TIM_Init                               0x00000a08   Section        0  lpc177x_8x_timer.o(i.TIM_Init)
    i.converPtrToTimeNum                     0x00000acc   Section        0  lpc177x_8x_timer.o(i.converPtrToTimeNum)
    converPtrToTimeNum                       0x00000acd   Thumb Code    46  lpc177x_8x_timer.o(i.converPtrToTimeNum)
    i.converUSecToVal                        0x00000b08   Section        0  lpc177x_8x_timer.o(i.converUSecToVal)
    converUSecToVal                          0x00000b09   Thumb Code    50  lpc177x_8x_timer.o(i.converUSecToVal)
    i.erase_sector                           0x00000b40   Section        0  main.o(i.erase_sector)
    i.getPClock                              0x00000b90   Section        0  lpc177x_8x_timer.o(i.getPClock)
    getPClock                                0x00000b91   Thumb Code    16  lpc177x_8x_timer.o(i.getPClock)
    i.jump_to_application                    0x00000ba0   Section        0  main.o(i.jump_to_application)
    i.main                                   0x00000bbc   Section        0  main.o(i.main)
    .data                                    0x10000000   Section       16  main.o(.data)
    .data                                    0x10000010   Section        8  gpdma_lpc17xx.o(.data)
    Channel_active                           0x10000010   Data           4  gpdma_lpc17xx.o(.data)
    Init_cnt                                 0x10000014   Data           4  gpdma_lpc17xx.o(.data)
    .data                                    0x10000018   Section       16  system_lpc177x_8x.o(.data)
    .bss                                     0x10000028   Section      160  gpdma_lpc17xx.o(.bss)
    Channel_info                             0x10000028   Data         160  gpdma_lpc17xx.o(.bss)
    .bss                                     0x100000c8   Section       96  libspace.o(.bss)
    HEAP                                     0x10000128   Section     1024  startup_lpc177x_8x.o(HEAP)
    Heap_Mem                                 0x10000128   Data        1024  startup_lpc177x_8x.o(HEAP)
    STACK                                    0x10000528   Section      512  startup_lpc177x_8x.o(STACK)
    Stack_Mem                                0x10000528   Data         512  startup_lpc177x_8x.o(STACK)
    __initial_sp                             0x10000728   Data           0  startup_lpc177x_8x.o(STACK)

    Global Symbols

    Symbol Name                              Value     Ov Type        Size  Object(Section)

    BuildAttributes$$THM_ISAv4$P$D$K$B$S$PE$A:L22UL41UL21$X:L11$S22US41US21$IEEE1$IW$USESV6$~STKCKD$USESV7$~SHL$OSPACE$ROPI$EBA8$UX$STANDARDLIB$REQ8$PRES8$EABIv2 0x00000000   Number         0  anon$$obj.o ABSOLUTE
    __ARM_use_no_argv                        0x00000000   Number         0  main.o ABSOLUTE
    __Vectors                                0x00000000   Data           4  startup_lpc177x_8x.o(RESET)
    __ARM_exceptions_init                     - Undefined Weak Reference
    __alloca_initialize                       - Undefined Weak Reference
    __arm_preinit_                            - Undefined Weak Reference
    __cpp_initialize__aeabi_                  - Undefined Weak Reference
    __cxa_finalize                            - Undefined Weak Reference
    __rt_locale                               - Undefined Weak Reference
    __sigvec_lookup                           - Undefined Weak Reference
    _atexit_init                              - Undefined Weak Reference
    _call_atexit_fns                          - Undefined Weak Reference
    _clock_init                               - Undefined Weak Reference
    _fp_trap_init                             - Undefined Weak Reference
    _fp_trap_shutdown                         - Undefined Weak Reference
    _get_lc_collate                           - Undefined Weak Reference
    _get_lc_ctype                             - Undefined Weak Reference
    _get_lc_monetary                          - Undefined Weak Reference
    _get_lc_numeric                           - Undefined Weak Reference
    _get_lc_time                              - Undefined Weak Reference
    _getenv_init                              - Undefined Weak Reference
    _handle_redirection                       - Undefined Weak Reference
    _init_alloc                               - Undefined Weak Reference
    _init_user_alloc                          - Undefined Weak Reference
    _initio                                   - Undefined Weak Reference
    _rand_init                                - Undefined Weak Reference
    _signal_finish                            - Undefined Weak Reference
    _signal_init                              - Undefined Weak Reference
    _terminate_alloc                          - Undefined Weak Reference
    _terminate_user_alloc                     - Undefined Weak Reference
    _terminateio                              - Undefined Weak Reference
    __main                                   0x000000e5   Thumb Code     8  __main.o(!!!main)
    __scatterload                            0x000000ed   Thumb Code     0  __scatter.o(!!!scatter)
    __scatterload_rt2                        0x000000ed   Thumb Code    44  __scatter.o(!!!scatter)
    __scatterload_rt2_thumb_only             0x000000ed   Thumb Code     0  __scatter.o(!!!scatter)
    __scatterload_null                       0x000000fb   Thumb Code     0  __scatter.o(!!!scatter)
    __scatterload_copy                       0x00000121   Thumb Code    26  __scatter_copy.o(!!handler_copy)
    __scatterload_zeroinit                   0x0000013d   Thumb Code    28  __scatter_zi.o(!!handler_zi)
    __rt_lib_init                            0x00000159   Thumb Code     0  libinit.o(.ARM.Collect$$libinit$$00000000)
    __rt_lib_init_alloca_1                   0x0000015b   Thumb Code     0  libinit2.o(.ARM.Collect$$libinit$$0000002E)
    __rt_lib_init_argv_1                     0x0000015b   Thumb Code     0  libinit2.o(.ARM.Collect$$libinit$$0000002C)
    __rt_lib_init_atexit_1                   0x0000015b   Thumb Code     0  libinit2.o(.ARM.Collect$$libinit$$0000001B)
    __rt_lib_init_clock_1                    0x0000015b   Thumb Code     0  libinit2.o(.ARM.Collect$$libinit$$00000021)
    __rt_lib_init_cpp_1                      0x0000015b   Thumb Code     0  libinit2.o(.ARM.Collect$$libinit$$00000032)
    __rt_lib_init_exceptions_1               0x0000015b   Thumb Code     0  libinit2.o(.ARM.Collect$$libinit$$00000030)
    __rt_lib_init_fp_1                       0x0000015b   Thumb Code     0  libinit2.o(.ARM.Collect$$libinit$$00000002)
    __rt_lib_init_fp_trap_1                  0x0000015b   Thumb Code     0  libinit2.o(.ARM.Collect$$libinit$$0000001F)
    __rt_lib_init_getenv_1                   0x0000015b   Thumb Code     0  libinit2.o(.ARM.Collect$$libinit$$00000023)
    __rt_lib_init_heap_1                     0x0000015b   Thumb Code     0  libinit2.o(.ARM.Collect$$libinit$$0000000A)
    __rt_lib_init_lc_collate_1               0x0000015b   Thumb Code     0  libinit2.o(.ARM.Collect$$libinit$$00000011)
    __rt_lib_init_lc_ctype_1                 0x0000015b   Thumb Code     0  libinit2.o(.ARM.Collect$$libinit$$00000013)
    __rt_lib_init_lc_monetary_1              0x0000015b   Thumb Code     0  libinit2.o(.ARM.Collect$$libinit$$00000015)
    __rt_lib_init_lc_numeric_1               0x0000015b   Thumb Code     0  libinit2.o(.ARM.Collect$$libinit$$00000017)
    __rt_lib_init_lc_time_1                  0x0000015b   Thumb Code     0  libinit2.o(.ARM.Collect$$libinit$$00000019)
    __rt_lib_init_preinit_1                  0x0000015b   Thumb Code     0  libinit2.o(.ARM.Collect$$libinit$$00000004)
    __rt_lib_init_rand_1                     0x0000015b   Thumb Code     0  libinit2.o(.ARM.Collect$$libinit$$0000000E)
    __rt_lib_init_return                     0x0000015b   Thumb Code     0  libinit2.o(.ARM.Collect$$libinit$$00000033)
    __rt_lib_init_signal_1                   0x0000015b   Thumb Code     0  libinit2.o(.ARM.Collect$$libinit$$0000001D)
    __rt_lib_init_stdio_1                    0x0000015b   Thumb Code     0  libinit2.o(.ARM.Collect$$libinit$$00000025)
    __rt_lib_init_user_alloc_1               0x0000015b   Thumb Code     0  libinit2.o(.ARM.Collect$$libinit$$0000000C)
    __rt_lib_shutdown                        0x0000015d   Thumb Code     0  libshutdown.o(.ARM.Collect$$libshutdown$$00000000)
    __rt_lib_shutdown_cpp_1                  0x0000015f   Thumb Code     0  libshutdown2.o(.ARM.Collect$$libshutdown$$00000002)
    __rt_lib_shutdown_fp_trap_1              0x0000015f   Thumb Code     0  libshutdown2.o(.ARM.Collect$$libshutdown$$00000007)
    __rt_lib_shutdown_heap_1                 0x0000015f   Thumb Code     0  libshutdown2.o(.ARM.Collect$$libshutdown$$0000000F)
    __rt_lib_shutdown_return                 0x0000015f   Thumb Code     0  libshutdown2.o(.ARM.Collect$$libshutdown$$00000010)
    __rt_lib_shutdown_signal_1               0x0000015f   Thumb Code     0  libshutdown2.o(.ARM.Collect$$libshutdown$$0000000A)
    __rt_lib_shutdown_stdio_1                0x0000015f   Thumb Code     0  libshutdown2.o(.ARM.Collect$$libshutdown$$00000004)
    __rt_lib_shutdown_user_alloc_1           0x0000015f   Thumb Code     0  libshutdown2.o(.ARM.Collect$$libshutdown$$0000000C)
    __rt_entry                               0x00000161   Thumb Code     0  __rtentry.o(.ARM.Collect$$rtentry$$00000000)
    __rt_entry_presh_1                       0x00000161   Thumb Code     0  __rtentry2.o(.ARM.Collect$$rtentry$$00000002)
    __rt_entry_sh                            0x00000161   Thumb Code     0  __rtentry4.o(.ARM.Collect$$rtentry$$00000004)
    __rt_entry_li                            0x00000167   Thumb Code     0  __rtentry2.o(.ARM.Collect$$rtentry$$0000000A)
    __rt_entry_postsh_1                      0x00000167   Thumb Code     0  __rtentry2.o(.ARM.Collect$$rtentry$$00000009)
    __rt_entry_main                          0x0000016b   Thumb Code     0  __rtentry2.o(.ARM.Collect$$rtentry$$0000000D)
    __rt_entry_postli_1                      0x0000016b   Thumb Code     0  __rtentry2.o(.ARM.Collect$$rtentry$$0000000C)
    __rt_exit                                0x00000173   Thumb Code     0  rtexit.o(.ARM.Collect$$rtexit$$00000000)
    __rt_exit_ls                             0x00000175   Thumb Code     0  rtexit2.o(.ARM.Collect$$rtexit$$00000003)
    __rt_exit_prels_1                        0x00000175   Thumb Code     0  rtexit2.o(.ARM.Collect$$rtexit$$00000002)
    __rt_exit_exit                           0x00000179   Thumb Code     0  rtexit2.o(.ARM.Collect$$rtexit$$00000004)
    Reset_Handler                            0x00000181   Thumb Code     8  startup_lpc177x_8x.o(.text)
    NMI_Handler                              0x00000189   Thumb Code     2  startup_lpc177x_8x.o(.text)
    HardFault_Handler                        0x0000018b   Thumb Code     2  startup_lpc177x_8x.o(.text)
    MemManage_Handler                        0x0000018d   Thumb Code     2  startup_lpc177x_8x.o(.text)
    BusFault_Handler                         0x0000018f   Thumb Code     2  startup_lpc177x_8x.o(.text)
    UsageFault_Handler                       0x00000191   Thumb Code     2  startup_lpc177x_8x.o(.text)
    SVC_Handler                              0x00000193   Thumb Code     2  startup_lpc177x_8x.o(.text)
    DebugMon_Handler                         0x00000195   Thumb Code     2  startup_lpc177x_8x.o(.text)
    PendSV_Handler                           0x00000197   Thumb Code     2  startup_lpc177x_8x.o(.text)
    SysTick_Handler                          0x00000199   Thumb Code     2  startup_lpc177x_8x.o(.text)
    ADC_IRQHandler                           0x0000019b   Thumb Code     0  startup_lpc177x_8x.o(.text)
    BOD_IRQHandler                           0x0000019b   Thumb Code     0  startup_lpc177x_8x.o(.text)
    CANActivity_IRQHandler                   0x0000019b   Thumb Code     0  startup_lpc177x_8x.o(.text)
    CAN_IRQHandler                           0x0000019b   Thumb Code     0  startup_lpc177x_8x.o(.text)
    EEPROM_IRQHandler                        0x0000019b   Thumb Code     0  startup_lpc177x_8x.o(.text)
    EINT0_IRQHandler                         0x0000019b   Thumb Code     0  startup_lpc177x_8x.o(.text)
    EINT1_IRQHandler                         0x0000019b   Thumb Code     0  startup_lpc177x_8x.o(.text)
    EINT2_IRQHandler                         0x0000019b   Thumb Code     0  startup_lpc177x_8x.o(.text)
    EINT3_IRQHandler                         0x0000019b   Thumb Code     0  startup_lpc177x_8x.o(.text)
    ENET_IRQHandler                          0x0000019b   Thumb Code     0  startup_lpc177x_8x.o(.text)
    GPIO_IRQHandler                          0x0000019b   Thumb Code     0  startup_lpc177x_8x.o(.text)
    I2C0_IRQHandler                          0x0000019b   Thumb Code     0  startup_lpc177x_8x.o(.text)
    I2C1_IRQHandler                          0x0000019b   Thumb Code     0  startup_lpc177x_8x.o(.text)
    I2C2_IRQHandler                          0x0000019b   Thumb Code     0  startup_lpc177x_8x.o(.text)
    I2S_IRQHandler                           0x0000019b   Thumb Code     0  startup_lpc177x_8x.o(.text)
    LCD_IRQHandler                           0x0000019b   Thumb Code     0  startup_lpc177x_8x.o(.text)
    MCI_IRQHandler                           0x0000019b   Thumb Code     0  startup_lpc177x_8x.o(.text)
    MCPWM_IRQHandler                         0x0000019b   Thumb Code     0  startup_lpc177x_8x.o(.text)
    PLL0_IRQHandler                          0x0000019b   Thumb Code     0  startup_lpc177x_8x.o(.text)
    PLL1_IRQHandler                          0x0000019b   Thumb Code     0  startup_lpc177x_8x.o(.text)
    PWM0_IRQHandler                          0x0000019b   Thumb Code     0  startup_lpc177x_8x.o(.text)
    PWM1_IRQHandler                          0x0000019b   Thumb Code     0  startup_lpc177x_8x.o(.text)
    QEI_IRQHandler                           0x0000019b   Thumb Code     0  startup_lpc177x_8x.o(.text)
    RTC_IRQHandler                           0x0000019b   Thumb Code     0  startup_lpc177x_8x.o(.text)
    SPIFI_IRQHandler                         0x0000019b   Thumb Code     0  startup_lpc177x_8x.o(.text)
    SSP0_IRQHandler                          0x0000019b   Thumb Code     0  startup_lpc177x_8x.o(.text)
    SSP1_IRQHandler                          0x0000019b   Thumb Code     0  startup_lpc177x_8x.o(.text)
    SSP2_IRQHandler                          0x0000019b   Thumb Code     0  startup_lpc177x_8x.o(.text)
    TIMER0_IRQHandler                        0x0000019b   Thumb Code     0  startup_lpc177x_8x.o(.text)
    TIMER2_IRQHandler                        0x0000019b   Thumb Code     0  startup_lpc177x_8x.o(.text)
    TIMER3_IRQHandler                        0x0000019b   Thumb Code     0  startup_lpc177x_8x.o(.text)
    UART0_IRQHandler                         0x0000019b   Thumb Code     0  startup_lpc177x_8x.o(.text)
    UART1_IRQHandler                         0x0000019b   Thumb Code     0  startup_lpc177x_8x.o(.text)
    UART2_IRQHandler                         0x0000019b   Thumb Code     0  startup_lpc177x_8x.o(.text)
    UART3_IRQHandler                         0x0000019b   Thumb Code     0  startup_lpc177x_8x.o(.text)
    UART4_IRQHandler                         0x0000019b   Thumb Code     0  startup_lpc177x_8x.o(.text)
    USBActivity_IRQHandler                   0x0000019b   Thumb Code     0  startup_lpc177x_8x.o(.text)
    USB_IRQHandler                           0x0000019b   Thumb Code     0  startup_lpc177x_8x.o(.text)
    WDT_IRQHandler                           0x0000019b   Thumb Code     0  startup_lpc177x_8x.o(.text)
    __user_initial_stackheap                 0x0000019d   Thumb Code     0  startup_lpc177x_8x.o(.text)
    __aeabi_uldivmod                         0x000001c1   Thumb Code     0  lludivv7m.o(.text)
    _ll_udiv                                 0x000001c1   Thumb Code   238  lludivv7m.o(.text)
    __use_two_region_memory                  0x000002af   Thumb Code     2  heapauxi.o(.text)
    __rt_heap_escrow$2region                 0x000002b1   Thumb Code     2  heapauxi.o(.text)
    __rt_heap_expand$2region                 0x000002b3   Thumb Code     2  heapauxi.o(.text)
    exit                                     0x000002b5   Thumb Code    18  exit.o(.text)
    __user_libspace                          0x000002c9   Thumb Code     8  libspace.o(.text)
    __user_perproc_libspace                  0x000002c9   Thumb Code     0  libspace.o(.text)
    __user_perthread_libspace                0x000002c9   Thumb Code     0  libspace.o(.text)
    _sys_exit                                0x000002d1   Thumb Code     8  sys_exit.o(.text)
    __I$use$semihosting                      0x000002dd   Thumb Code     0  use_no_semi.o(.text)
    __use_no_semihosting_swi                 0x000002dd   Thumb Code     2  use_no_semi.o(.text)
    __semihosting_library_function           0x000002df   Thumb Code     0  indicate_semi.o(.text)
    TIMER1_IRQHandler                        0x000002e1   Thumb Code    12  main.o(i.TIMER1_IRQHandler)
    TIM_ClearIntPending                      0x000002f1   Thumb Code     8  lpc177x_8x_timer.o(i.TIM_ClearIntPending)
    __user_setup_stackheap                   0x00000301   Thumb Code    74  sys_stackheap_outer.o(.text)
    CLKPWR_ConfigPPWR                        0x0000034d   Thumb Code    38  lpc177x_8x_clkpwr.o(i.CLKPWR_ConfigPPWR)
    CLKPWR_GetCLK                            0x00000379   Thumb Code    46  lpc177x_8x_clkpwr.o(i.CLKPWR_GetCLK)
    DMA_IRQHandler                           0x000003d9   Thumb Code   372  gpdma_lpc17xx.o(i.DMA_IRQHandler)
    SystemCoreClockUpdate                    0x00000559   Thumb Code   796  system_lpc177x_8x.o(i.SystemCoreClockUpdate)
    SystemInit                               0x00000891   Thumb Code   162  system_lpc177x_8x.o(i.SystemInit)
    TIM_Cmd                                  0x00000945   Thumb Code    24  lpc177x_8x_timer.o(i.TIM_Cmd)
    TIM_ConfigMatch                          0x0000095d   Thumb Code   172  lpc177x_8x_timer.o(i.TIM_ConfigMatch)
    TIM_Init                                 0x00000a09   Thumb Code   182  lpc177x_8x_timer.o(i.TIM_Init)
    erase_sector                             0x00000b41   Thumb Code    70  main.o(i.erase_sector)
    jump_to_application                      0x00000ba1   Thumb Code    26  main.o(i.jump_to_application)
    main                                     0x00000bbd   Thumb Code   182  main.o(i.main)
    Region$$Table$$Base                      0x00000c90   Number         0  anon$$obj.o(Region$$Table)
    Region$$Table$$Limit                     0x00000cb0   Number         0  anon$$obj.o(Region$$Table)
    erase                                    0x10000000   Data           1  main.o(.data)
    write                                    0x10000001   Data           1  main.o(.data)
    reset                                    0x10000002   Data           1  main.o(.data)
    start                                    0x10000004   Data           4  main.o(.data)
    end                                      0x10000008   Data           4  main.o(.data)
    iap_entry                                0x1000000c   Data           4  main.o(.data)
    SystemCoreClock                          0x10000018   Data           4  system_lpc177x_8x.o(.data)
    PeripheralClock                          0x1000001c   Data           4  system_lpc177x_8x.o(.data)
    EMCClock                                 0x10000020   Data           4  system_lpc177x_8x.o(.data)
    USBClock                                 0x10000024   Data           4  system_lpc177x_8x.o(.data)
    __libspace_start                         0x100000c8   Data          96  libspace.o(.bss)
    __temporary_stack_top$libspace           0x10000128   Data           0  libspace.o(.bss)



==============================================================================

Memory Map of the image

  Image Entry point : 0x000000e5

  Load Region LR_IROM1 (Base: 0x00000000, Size: 0x00000cd8, Max: 0x00080000, ABSOLUTE)

    Execution Region ER_IROM1 (Exec base: 0x00000000, Load base: 0x00000000, Size: 0x00000cb0, Max: 0x00080000, ABSOLUTE)

    Exec Addr    Load Addr    Size         Type   Attr      Idx    E Section Name        Object

    0x00000000   0x00000000   0x000000e4   Data   RO          864    RESET               startup_lpc177x_8x.o
    0x000000e4   0x000000e4   0x00000008   Code   RO          918  * !!!main             c_w.l(__main.o)
    0x000000ec   0x000000ec   0x00000034   Code   RO         1091    !!!scatter          c_w.l(__scatter.o)
    0x00000120   0x00000120   0x0000001a   Code   RO         1093    !!handler_copy      c_w.l(__scatter_copy.o)
    0x0000013a   0x0000013a   0x00000002   PAD
    0x0000013c   0x0000013c   0x0000001c   Code   RO         1095    !!handler_zi        c_w.l(__scatter_zi.o)
    0x00000158   0x00000158   0x00000002   Code   RO          961    .ARM.Collect$$libinit$$00000000  c_w.l(libinit.o)
    0x0000015a   0x0000015a   0x00000000   Code   RO          974    .ARM.Collect$$libinit$$00000002  c_w.l(libinit2.o)
    0x0000015a   0x0000015a   0x00000000   Code   RO          976    .ARM.Collect$$libinit$$00000004  c_w.l(libinit2.o)
    0x0000015a   0x0000015a   0x00000000   Code   RO          979    .ARM.Collect$$libinit$$0000000A  c_w.l(libinit2.o)
    0x0000015a   0x0000015a   0x00000000   Code   RO          981    .ARM.Collect$$libinit$$0000000C  c_w.l(libinit2.o)
    0x0000015a   0x0000015a   0x00000000   Code   RO          983    .ARM.Collect$$libinit$$0000000E  c_w.l(libinit2.o)
    0x0000015a   0x0000015a   0x00000000   Code   RO          986    .ARM.Collect$$libinit$$00000011  c_w.l(libinit2.o)
    0x0000015a   0x0000015a   0x00000000   Code   RO          988    .ARM.Collect$$libinit$$00000013  c_w.l(libinit2.o)
    0x0000015a   0x0000015a   0x00000000   Code   RO          990    .ARM.Collect$$libinit$$00000015  c_w.l(libinit2.o)
    0x0000015a   0x0000015a   0x00000000   Code   RO          992    .ARM.Collect$$libinit$$00000017  c_w.l(libinit2.o)
    0x0000015a   0x0000015a   0x00000000   Code   RO          994    .ARM.Collect$$libinit$$00000019  c_w.l(libinit2.o)
    0x0000015a   0x0000015a   0x00000000   Code   RO          996    .ARM.Collect$$libinit$$0000001B  c_w.l(libinit2.o)
    0x0000015a   0x0000015a   0x00000000   Code   RO          998    .ARM.Collect$$libinit$$0000001D  c_w.l(libinit2.o)
    0x0000015a   0x0000015a   0x00000000   Code   RO         1000    .ARM.Collect$$libinit$$0000001F  c_w.l(libinit2.o)
    0x0000015a   0x0000015a   0x00000000   Code   RO         1002    .ARM.Collect$$libinit$$00000021  c_w.l(libinit2.o)
    0x0000015a   0x0000015a   0x00000000   Code   RO         1004    .ARM.Collect$$libinit$$00000023  c_w.l(libinit2.o)
    0x0000015a   0x0000015a   0x00000000   Code   RO         1006    .ARM.Collect$$libinit$$00000025  c_w.l(libinit2.o)
    0x0000015a   0x0000015a   0x00000000   Code   RO         1010    .ARM.Collect$$libinit$$0000002C  c_w.l(libinit2.o)
    0x0000015a   0x0000015a   0x00000000   Code   RO         1012    .ARM.Collect$$libinit$$0000002E  c_w.l(libinit2.o)
    0x0000015a   0x0000015a   0x00000000   Code   RO         1014    .ARM.Collect$$libinit$$00000030  c_w.l(libinit2.o)
    0x0000015a   0x0000015a   0x00000000   Code   RO         1016    .ARM.Collect$$libinit$$00000032  c_w.l(libinit2.o)
    0x0000015a   0x0000015a   0x00000002   Code   RO         1017    .ARM.Collect$$libinit$$00000033  c_w.l(libinit2.o)
    0x0000015c   0x0000015c   0x00000002   Code   RO         1048    .ARM.Collect$$libshutdown$$00000000  c_w.l(libshutdown.o)
    0x0000015e   0x0000015e   0x00000000   Code   RO         1074    .ARM.Collect$$libshutdown$$00000002  c_w.l(libshutdown2.o)
    0x0000015e   0x0000015e   0x00000000   Code   RO         1076    .ARM.Collect$$libshutdown$$00000004  c_w.l(libshutdown2.o)
    0x0000015e   0x0000015e   0x00000000   Code   RO         1079    .ARM.Collect$$libshutdown$$00000007  c_w.l(libshutdown2.o)
    0x0000015e   0x0000015e   0x00000000   Code   RO         1082    .ARM.Collect$$libshutdown$$0000000A  c_w.l(libshutdown2.o)
    0x0000015e   0x0000015e   0x00000000   Code   RO         1084    .ARM.Collect$$libshutdown$$0000000C  c_w.l(libshutdown2.o)
    0x0000015e   0x0000015e   0x00000000   Code   RO         1087    .ARM.Collect$$libshutdown$$0000000F  c_w.l(libshutdown2.o)
    0x0000015e   0x0000015e   0x00000002   Code   RO         1088    .ARM.Collect$$libshutdown$$00000010  c_w.l(libshutdown2.o)
    0x00000160   0x00000160   0x00000000   Code   RO          920    .ARM.Collect$$rtentry$$00000000  c_w.l(__rtentry.o)
    0x00000160   0x00000160   0x00000000   Code   RO          930    .ARM.Collect$$rtentry$$00000002  c_w.l(__rtentry2.o)
    0x00000160   0x00000160   0x00000006   Code   RO          942    .ARM.Collect$$rtentry$$00000004  c_w.l(__rtentry4.o)
    0x00000166   0x00000166   0x00000000   Code   RO          932    .ARM.Collect$$rtentry$$00000009  c_w.l(__rtentry2.o)
    0x00000166   0x00000166   0x00000004   Code   RO          933    .ARM.Collect$$rtentry$$0000000A  c_w.l(__rtentry2.o)
    0x0000016a   0x0000016a   0x00000000   Code   RO          935    .ARM.Collect$$rtentry$$0000000C  c_w.l(__rtentry2.o)
    0x0000016a   0x0000016a   0x00000008   Code   RO          936    .ARM.Collect$$rtentry$$0000000D  c_w.l(__rtentry2.o)
    0x00000172   0x00000172   0x00000002   Code   RO          965    .ARM.Collect$$rtexit$$00000000  c_w.l(rtexit.o)
    0x00000174   0x00000174   0x00000000   Code   RO         1021    .ARM.Collect$$rtexit$$00000002  c_w.l(rtexit2.o)
    0x00000174   0x00000174   0x00000004   Code   RO         1022    .ARM.Collect$$rtexit$$00000003  c_w.l(rtexit2.o)
    0x00000178   0x00000178   0x00000006   Code   RO         1023    .ARM.Collect$$rtexit$$00000004  c_w.l(rtexit2.o)
    0x0000017e   0x0000017e   0x00000002   PAD
    0x00000180   0x00000180   0x00000040   Code   RO          866    .text               startup_lpc177x_8x.o
    0x000001c0   0x000001c0   0x000000ee   Code   RO          910    .text               c_w.l(lludivv7m.o)
    0x000002ae   0x000002ae   0x00000006   Code   RO          916    .text               c_w.l(heapauxi.o)
    0x000002b4   0x000002b4   0x00000012   Code   RO          950    .text               c_w.l(exit.o)
    0x000002c6   0x000002c6   0x00000002   PAD
    0x000002c8   0x000002c8   0x00000008   Code   RO          962    .text               c_w.l(libspace.o)
    0x000002d0   0x000002d0   0x0000000c   Code   RO         1018    .text               c_w.l(sys_exit.o)
    0x000002dc   0x000002dc   0x00000002   Code   RO         1037    .text               c_w.l(use_no_semi.o)
    0x000002de   0x000002de   0x00000000   Code   RO         1039    .text               c_w.l(indicate_semi.o)
    0x000002de   0x000002de   0x00000002   PAD
    0x000002e0   0x000002e0   0x00000010   Code   RO            5    i.TIMER1_IRQHandler  main.o
    0x000002f0   0x000002f0   0x00000008   Code   RO          321    i.TIM_ClearIntPending  lpc177x_8x_timer.o
    0x000002f8   0x000002f8   0x00000004   PAD
    0x000002fc   0x000002fc   0x00000004   Code   RO          865    .ARM.__at_0x02FC    startup_lpc177x_8x.o
    0x00000300   0x00000300   0x0000004a   Code   RO          948    .text               c_w.l(sys_stackheap_outer.o)
    0x0000034a   0x0000034a   0x00000002   PAD
    0x0000034c   0x0000034c   0x0000002c   Code   RO          570    i.CLKPWR_ConfigPPWR  lpc177x_8x_clkpwr.o
    0x00000378   0x00000378   0x00000040   Code   RO          573    i.CLKPWR_GetCLK     lpc177x_8x_clkpwr.o
    0x000003b8   0x000003b8   0x00000020   Code   RO          728    i.Clear_Channel_active_flag  gpdma_lpc17xx.o
    0x000003d8   0x000003d8   0x00000180   Code   RO          729    i.DMA_IRQHandler    gpdma_lpc17xx.o
    0x00000558   0x00000558   0x00000338   Code   RO          875    i.SystemCoreClockUpdate  system_lpc177x_8x.o
    0x00000890   0x00000890   0x000000b4   Code   RO          876    i.SystemInit        system_lpc177x_8x.o
    0x00000944   0x00000944   0x00000018   Code   RO          322    i.TIM_Cmd           lpc177x_8x_timer.o
    0x0000095c   0x0000095c   0x000000ac   Code   RO          324    i.TIM_ConfigMatch   lpc177x_8x_timer.o
    0x00000a08   0x00000a08   0x000000c4   Code   RO          330    i.TIM_Init          lpc177x_8x_timer.o
    0x00000acc   0x00000acc   0x0000003c   Code   RO          335    i.converPtrToTimeNum  lpc177x_8x_timer.o
    0x00000b08   0x00000b08   0x00000038   Code   RO          336    i.converUSecToVal   lpc177x_8x_timer.o
    0x00000b40   0x00000b40   0x00000050   Code   RO            7    i.erase_sector      main.o
    0x00000b90   0x00000b90   0x00000010   Code   RO          337    i.getPClock         lpc177x_8x_timer.o
    0x00000ba0   0x00000ba0   0x0000001a   Code   RO            8    i.jump_to_application  main.o
    0x00000bba   0x00000bba   0x00000002   PAD
    0x00000bbc   0x00000bbc   0x000000d4   Code   RO            9    i.main              main.o
    0x00000c90   0x00000c90   0x00000020   Data   RO         1089    Region$$Table       anon$$obj.o


    Execution Region RW_IRAM1 (Exec base: 0x10000000, Load base: 0x00000cb0, Size: 0x00000728, Max: 0x00010000, ABSOLUTE)

    Exec Addr    Load Addr    Size         Type   Attr      Idx    E Section Name        Object

    0x10000000   0x00000cb0   0x00000010   Data   RW           10    .data               main.o
    0x10000010   0x00000cc0   0x00000008   Data   RW          741    .data               gpdma_lpc17xx.o
    0x10000018   0x00000cc8   0x00000010   Data   RW          877    .data               system_lpc177x_8x.o
    0x10000028        -       0x000000a0   Zero   RW          740    .bss                gpdma_lpc17xx.o
    0x100000c8        -       0x00000060   Zero   RW          963    .bss                c_w.l(libspace.o)
    0x10000128        -       0x00000400   Zero   RW          863    HEAP                startup_lpc177x_8x.o
    0x10000528        -       0x00000200   Zero   RW          862    STACK               startup_lpc177x_8x.o


==============================================================================

Image component sizes


      Code (inc. data)   RO Data    RW Data    ZI Data      Debug   Object Name

       416         16          0          8        160       6965   gpdma_lpc17xx.o
       108         24          0          0          0       1028   lpc177x_8x_clkpwr.o
       532         34          0          0          0       6797   lpc177x_8x_timer.o
         0          0          0          0          0      23188   lpc177x_8x_uart.o
       334         44          0         16          0      62671   main.o
        68         30        228          0       1536        992   startup_lpc177x_8x.o
      1004         46          0         16          0       1633   system_lpc177x_8x.o

    ----------------------------------------------------------------------
      2468        194        260         40       1696     103274   Object Totals
         0          0         32          0          0          0   (incl. Generated)
         6          0          0          0          0          0   (incl. Padding)

    ----------------------------------------------------------------------

      Code (inc. data)   RO Data    RW Data    ZI Data      Debug   Library Member Name

         8          0          0          0          0         68   __main.o
         0          0          0          0          0          0   __rtentry.o
        12          0          0          0          0          0   __rtentry2.o
         6          0          0          0          0          0   __rtentry4.o
        52          8          0          0          0          0   __scatter.o
        26          0          0          0          0          0   __scatter_copy.o
        28          0          0          0          0          0   __scatter_zi.o
        18          0          0          0          0         80   exit.o
         6          0          0          0          0        152   heapauxi.o
         0          0          0          0          0          0   indicate_semi.o
         2          0          0          0          0          0   libinit.o
         2          0          0          0          0          0   libinit2.o
         2          0          0          0          0          0   libshutdown.o
         2          0          0          0          0          0   libshutdown2.o
         8          4          0          0         96         68   libspace.o
       238          0          0          0          0        100   lludivv7m.o
         2          0          0          0          0          0   rtexit.o
        10          0          0          0          0          0   rtexit2.o
        12          4          0          0          0         68   sys_exit.o
        74          0          0          0          0         80   sys_stackheap_outer.o
         2          0          0          0          0         68   use_no_semi.o

    ----------------------------------------------------------------------
       520         16          0          0         96        684   Library Totals
        10          0          0          0          0          0   (incl. Padding)

    ----------------------------------------------------------------------

      Code (inc. data)   RO Data    RW Data    ZI Data      Debug   Library Name

       510         16          0          0         96        684   c_w.l

    ----------------------------------------------------------------------
       520         16          0          0         96        684   Library Totals

    ----------------------------------------------------------------------

==============================================================================


      Code (inc. data)   RO Data    RW Data    ZI Data      Debug   

      2988        210        260         40       1792     103018   Grand Totals
      2988        210        260         40       1792     103018   ELF Image Totals
      2988        210        260         40          0          0   ROM Totals

==============================================================================

    Total RO  Size (Code + RO Data)                 3248 (   3.17kB)
    Total RW  Size (RW Data + ZI Data)              1832 (   1.79kB)
    Total ROM Size (Code + RO Data + RW Data)       3288 (   3.21kB)

==============================================================================

